============================= test session starts =============================
platform win32 -- Python 3.14.0, pytest-9.0.2, pluggy-1.6.0 -- C:\Python314\python.exe
cachedir: .pytest_cache
rootdir: C:\Apps\idx\caktykbot
configfile: pyproject.toml
plugins: anyio-4.12.1, asyncio-1.3.0, cov-7.0.0
asyncio: mode=Mode.STRICT, debug=False, asyncio_default_fixture_loop_scope=None, asyncio_default_test_loop_scope=function
collecting ... collected 8 items

tests/test_idx_scraper.py::TestBrokerRepository::test_add_summary PASSED [ 12%]
tests/test_idx_scraper.py::TestBrokerRepository::test_get_by_date PASSED [ 25%]
tests/test_idx_scraper.py::TestBrokerRepository::test_get_latest FAILED  [ 37%]
tests/test_idx_scraper.py::TestForeignFlowRepository::test_add_flow PASSED [ 50%]
tests/test_idx_scraper.py::TestForeignFlowRepository::test_get_history FAILED [ 62%]
tests/test_idx_scraper.py::TestIDXScraper::test_scrape_broker_summary_success PASSED [ 75%]
tests/test_idx_scraper.py::TestIDXScraper::test_scrape_foreign_flow_success PASSED [ 87%]
tests/test_idx_scraper.py::TestIDXScraper::test_scrape_rate_limit_retry PASSED [100%]
ERROR: Coverage failure: total of 14.18 is less than fail-under=90.00


================================== FAILURES ===================================
____________________ TestBrokerRepository.test_get_latest _____________________

self = <caktykbot.tests.test_idx_scraper.TestBrokerRepository object at 0x000001A9FAD789D0>
mongo_test_db = Database(mongomock.MongoClient('localhost', 27017), 'caktykbot_test')

    def test_get_latest(self, mongo_test_db):
        repo = BrokerRepository(mongo_test_db)
        # Add old data
        repo.add_summary(BrokerSummaryBase(
            symbol="BBCA.JK",
            date=datetime(2024, 1, 1, tzinfo=timezone.utc),
            broker_code="YP", broker_name="Mirae", buy_value=100, sell_value=100, net_value=0, buy_lot=1, sell_lot=1
        ))
        # Add new data
        repo.add_summary(BrokerSummaryBase(
            symbol="BBCA.JK",
            date=datetime(2024, 1, 2, tzinfo=timezone.utc),
            broker_code="YP", broker_name="Mirae", buy_value=200, sell_value=100, net_value=100, buy_lot=2, sell_lot=1
        ))
    
        latest = repo.get_latest("BBCA.JK")
        assert len(latest) == 1
>       assert latest[0].date == datetime(2024, 1, 2, tzinfo=timezone.utc)
E       AssertionError: assert datetime.datetime(2024, 1, 2, 0, 0) == datetime.datetime(2024, 1, 2, 0, 0, tzinfo=datetime.timezone.utc)
E        +  where datetime.datetime(2024, 1, 2, 0, 0) = BrokerSummaryInDB(symbol='BBCA.JK', date=datetime.datetime(2024, 1, 2, 0, 0), broker_code='YP', broker_name='Mirae', buy_value=200.0, sell_value=100.0, net_value=100.0, buy_lot=2, sell_lot=1, created_at=datetime.datetime(2026, 2, 16, 9, 44, 5, 464000)).date
E        +  and   datetime.datetime(2024, 1, 2, 0, 0, tzinfo=datetime.timezone.utc) = datetime(2024, 1, 2, tzinfo=datetime.timezone.utc)
E        +    where datetime.timezone.utc = timezone.utc

tests\test_idx_scraper.py:59: AssertionError
_________________ TestForeignFlowRepository.test_get_history __________________

self = <caktykbot.tests.test_idx_scraper.TestForeignFlowRepository object at 0x000001A9FAD3D950>
mongo_test_db = Database(mongomock.MongoClient('localhost', 27017), 'caktykbot_test')

    def test_get_history(self, mongo_test_db):
        repo = ForeignFlowRepository(mongo_test_db)
        for i in range(1, 4):
            repo.add_flow(ForeignFlowBase(
                symbol="BBCA.JK",
                date=datetime(2024, 1, i, tzinfo=timezone.utc),
                foreign_buy=1000, foreign_sell=500, foreign_net=500, foreign_ratio=0.5
            ))
    
        history = repo.get_history("BBCA.JK", limit=2)
        assert len(history) == 2
>       assert history[0].date == datetime(2024, 1, 3, tzinfo=timezone.utc)
E       AssertionError: assert datetime.datetime(2024, 1, 3, 0, 0) == datetime.datetime(2024, 1, 3, 0, 0, tzinfo=datetime.timezone.utc)
E        +  where datetime.datetime(2024, 1, 3, 0, 0) = ForeignFlowInDB(symbol='BBCA.JK', date=datetime.datetime(2024, 1, 3, 0, 0), foreign_buy=1000.0, foreign_sell=500.0, foreign_net=500.0, foreign_ratio=0.5, created_at=datetime.datetime(2026, 2, 16, 9, 44, 5, 671000)).date
E        +  and   datetime.datetime(2024, 1, 3, 0, 0, tzinfo=datetime.timezone.utc) = datetime(2024, 1, 3, tzinfo=datetime.timezone.utc)
E        +    where datetime.timezone.utc = timezone.utc

tests\test_idx_scraper.py:85: AssertionError
============================== warnings summary ===============================
tests/test_idx_scraper.py: 72 warnings
  C:\Users\caktyk\AppData\Roaming\Python\Python314\site-packages\mongomock\helpers.py:73: DeprecationWarning: datetime.datetime.utcnow() is deprecated and scheduled for removal in a future version. Use timezone-aware objects to represent datetimes in UTC: datetime.datetime.now(datetime.UTC).
    return datetime.utcnow()

-- Docs: https://docs.pytest.org/en/stable/how-to/capture-warnings.html
=============================== tests coverage ================================
_______________ coverage: platform win32, python 3.14.0-final-0 _______________

Name                                   Stmts   Miss   Cover   Missing
---------------------------------------------------------------------
bot\handlers\analyze_handler.py           67     67   0.00%   2-123
bot\handlers\follow_handler.py            81     81   0.00%   2-186
bot\handlers\heat_handler.py              39     39   0.00%   3-79
bot\handlers\journal_handler.py           66     66   0.00%   2-136
bot\handlers\portfolio_handler.py         59     59   0.00%   2-98
bot\handlers\signal_handler.py            56     56   0.00%   2-90
bot\handlers\sizing_handler.py            65     65   0.00%   3-155
bot\handlers\trade_entry_handler.py      207    207   0.00%   2-384
bot\handlers\watchlist.py                 58     58   0.00%   3-87
bot\manager.py                            41     41   0.00%   3-68
config\logging.py                         22     22   0.00%   11-128
config\settings.py                        91     39  57.14%   115-124, 140-151, 169-182, 198-207, 223-234, 242, 261-273, 280
data\fetcher.py                          147    147   0.00%   8-294
data\idx_scraper.py                       85     32  62.35%   39-51, 67, 92-94, 105, 113, 127-129, 135-160
data\pipeline.py                         117    117   0.00%   8-290
data\scraper_config.py                    18      0 100.00%
db\connection.py                          90     90   0.00%   7-230
db\indexes.py                             84     84   0.00%   7-207
db\repositories\broker_repo.py            36      8  77.78%   63-67, 99, 115-119
db\repositories\foreign_flow_repo.py      25      4  84.00%   61-64
db\repositories\pipeline_repo.py          24     24   0.00%   6-73
db\repositories\portfolio_repo.py         24     24   0.00%   2-48
db\repositories\price_repo.py             35     35   0.00%   7-125
db\repositories\signal_repo.py            26     26   0.00%   2-74
db\repositories\stock_repo.py             48     48   0.00%   7-149
db\repositories\trade_repo.py             62     62   0.00%   2-112
db\schemas.py                            167     27  83.83%   72-77, 88-101, 138-143, 148-153, 294-296
engine\scorer.py                          30     30   0.00%   2-61
engine\signal_generator.py                79     79   0.00%   2-201
main.py                                   69     69   0.00%   7-123
risk\circuit_breaker.py                   40     40   0.00%   3-147
risk\constants.py                         21     21   0.00%   4-35
risk\correlation.py                       15     15   0.00%   3-54
risk\heat_monitor.py                      30     30   0.00%   3-93
risk\position_sizer.py                    33     33   0.00%   3-115
risk\risk_validator.py                    78     78   0.00%   3-242
risk\sector_mapper.py                     32     32   0.00%   3-96
scheduler\jobs.py                         40     40   0.00%   7-82
strategies\base.py                        10     10   0.00%   1-42
strategies\ema_pullback.py                85     85   0.00%   2-201
strategies\utils.py                       24     24   0.00%   2-42
strategies\vcp.py                         89     89   0.00%   2-216
utils\exceptions.py                       52      0 100.00%
---------------------------------------------------------------------
TOTAL                                   2567   2203  14.18%
Coverage HTML written to dir htmlcov
FAIL Required test coverage of 90.0% not reached. Total coverage: 14.18%
=========================== short test summary info ===========================
FAILED tests/test_idx_scraper.py::TestBrokerRepository::test_get_latest - Ass...
FAILED tests/test_idx_scraper.py::TestForeignFlowRepository::test_get_history
================== 2 failed, 6 passed, 72 warnings in 9.14s ===================
